Process 0 (that is, the initial process):
{1}new skA: skey;
{2}new pidA: pid;
{3}out(net, pidA);
(
    {4}let pidA_1: pid = pidA in
    {5}let skA_1: skey = skA in
    {6}let pkA: pkey = pk(skA_1) in
    {7}event LicensingIssued(secret_real_id,pidA_1,pkA);
    {8}out(chLic, (licensing,pidA_1,pkA));
    {9}event PseudoRequest(pidA_1,pkA);
    {10}new pi: zkp;
    {11}out(chVSReq, (verify_tag,pidA_1,pkA,pi))
) | (
    {12}let pidA_2: pid = pidA in
    {13}let pkA_1: pkey = pk(skA) in
    {14}in(chVSReq, (=verify_tag,=pidA_2,=pkA_1,pi_1: zkp));
    {15}event LedgerPseudonymValid(pidA_2,pkA_1);
    {16}!
    {17}in(chLookupReq, q: pid);
    {18}if (q = pidA_2) then
    {19}out(chLookupResp, (pidA_2,pkA_1,ballot_ok))
) | (
    {20}let pidA_3: pid = pidA in
    {21}let skA_2: skey = skA in
    {22}let pkA_2: pkey = pk(skA_2) in
    {23}event DeviceAuthSent(pidA_3,pkA_2);
    {24}out(net, (authenticate,pidA_3,sign(authmsg(pidA_3),skA_2)))
) | (
    {25}!
    {26}in(net, (=authenticate,pidIn: pid,sig: bitstring));
    {27}out(chLookupReq, pidIn);
    {28}in(chLookupResp, (=pidIn,pkIn: pkey,=ballot_ok));
    {29}if (checksign(sig,authmsg(pidIn),pkIn) = true) then
    {30}event PASBAccept(pidIn,pkIn)
)

--  Process 1 (that is, process 0, with let moved downwards):
{1}new skA: skey;
{2}new pidA: pid;
{3}out(net, pidA);
(
    {5}let skA_1: skey = skA in
    {6}let pkA: pkey = pk(skA_1) in
    {4}let pidA_1: pid = pidA in
    {7}event LicensingIssued(secret_real_id,pidA_1,pkA);
    {8}out(chLic, (licensing,pidA_1,pkA));
    {9}event PseudoRequest(pidA_1,pkA);
    {10}new pi: zkp;
    {11}out(chVSReq, (verify_tag,pidA_1,pkA,pi))
) | (
    {13}let pkA_1: pkey = pk(skA) in
    {12}let pidA_2: pid = pidA in
    {14}in(chVSReq, (=verify_tag,=pidA_2,=pkA_1,pi_1: zkp));
    {15}event LedgerPseudonymValid(pidA_2,pkA_1);
    {16}!
    {17}in(chLookupReq, q: pid);
    {18}if (q = pidA_2) then
    {19}out(chLookupResp, (pidA_2,pkA_1,ballot_ok))
) | (
    {21}let skA_2: skey = skA in
    {22}let pkA_2: pkey = pk(skA_2) in
    {20}let pidA_3: pid = pidA in
    {23}event DeviceAuthSent(pidA_3,pkA_2);
    {24}out(net, (authenticate,pidA_3,sign(authmsg(pidA_3),skA_2)))
) | (
    {25}!
    {26}in(net, (=authenticate,pidIn: pid,sig: bitstring));
    {27}out(chLookupReq, pidIn);
    {28}in(chLookupResp, (=pidIn,pkIn: pkey,=ballot_ok));
    {29}if (checksign(sig,authmsg(pidIn),pkIn) = true) then
    {30}event PASBAccept(pidIn,pkIn)
)

-- Query not attacker(secret_real_id[]) in process 1.
Translating the process into Horn clauses...
Completing...
Starting query not attacker(secret_real_id[])
RESULT not attacker(secret_real_id[]) is true.
-- Query event(PASBAccept(p,pkA_3)) ==> event(LedgerPseudonymValid(p,pkA_3)) in process 1.
Translating the process into Horn clauses...
Completing...
Starting query event(PASBAccept(p,pkA_3)) ==> event(LedgerPseudonymValid(p,pkA_3))
goal reachable: b-event(LedgerPseudonymValid(pidA[],pk(skA[]))) -> event(PASBAccept(pidA[],pk(skA[])))
RESULT event(PASBAccept(p,pkA_3)) ==> event(LedgerPseudonymValid(p,pkA_3)) is true.
-- Query event(PASBAccept(p,pkA_3)) ==> event(DeviceAuthSent(p,pkA_3)) in process 1.
Translating the process into Horn clauses...
Completing...
Starting query event(PASBAccept(p,pkA_3)) ==> event(DeviceAuthSent(p,pkA_3))
goal reachable: b-event(DeviceAuthSent(pidA[],pk(skA[]))) -> event(PASBAccept(pidA[],pk(skA[])))
RESULT event(PASBAccept(p,pkA_3)) ==> event(DeviceAuthSent(p,pkA_3)) is true.
-- Query inj-event(PASBAccept(p,pkA_3)) ==> inj-event(DeviceAuthSent(p,pkA_3)) in process 1.
Translating the process into Horn clauses...
Completing...
Starting query inj-event(PASBAccept(p,pkA_3)) ==> inj-event(DeviceAuthSent(p,pkA_3))
goal reachable: @sid ≠ @sid_1 && b-inj-event(DeviceAuthSent(pidA[],pk(skA[])),@occ23[]) -> inj-event(PASBAccept(pidA[],pk(skA[])),@occ30_1) && inj-event(PASBAccept(pidA[],pk(skA[])),@occ30_2)
Abbreviations:
@occ30_1 = @occ30[pkIn = pk(skA[]),sig = sign(authmsg(pidA[]),skA[]),pidIn = pidA[],!1 = @sid]
@occ30_2 = @occ30[pkIn = pk(skA[]),sig = sign(authmsg(pidA[]),skA[]),pidIn = pidA[],!1 = @sid_1]

Derivation:
Abbreviations:
@occ30_1 = @occ30[pkIn = pk(skA[]),sig = sign(authmsg(pidA[]),skA[]),pidIn = pidA[],!1 = @sid]
@occ30_2 = @occ30[pkIn = pk(skA[]),sig = sign(authmsg(pidA[]),skA[]),pidIn = pidA[],!1 = @sid_1]

1. The event DeviceAuthSent(pidA[],pk(skA[])) (with occurrence name @occ23[]) may be executed at {23}.
So the message (authenticate,pidA[],sign(authmsg(pidA[]),skA[])) may be sent to the attacker at output {24}.
attacker((authenticate,pidA[],sign(authmsg(pidA[]),skA[]))).

2. By 1, the attacker may know (authenticate,pidA[],sign(authmsg(pidA[]),skA[])).
Using the function 3-proj-3-tuple the attacker may obtain sign(authmsg(pidA[]),skA[]).
attacker(sign(authmsg(pidA[]),skA[])).

3. The message pidA[] may be sent to the attacker at output {3}.
attacker(pidA[]).

4. Using the function authenticate the attacker may obtain authenticate.
attacker(authenticate).

5. By 4, the attacker may know authenticate.
By 3, the attacker may know pidA[].
By 2, the attacker may know sign(authmsg(pidA[]),skA[]).
Using the function 3-tuple the attacker may obtain (authenticate,pidA[],sign(authmsg(pidA[]),skA[])).
attacker((authenticate,pidA[],sign(authmsg(pidA[]),skA[]))).

6. The message (verify_tag,pidA[],pk(skA[]),pi[]) may be sent on channel chVSReq[] at output {11}.
mess(chVSReq[],(verify_tag,pidA[],pk(skA[]),pi[])).

7. The attacker has some term sig_1.
attacker(sig_1).

8. By 4, the attacker may know authenticate.
By 3, the attacker may know pidA[].
By 7, the attacker may know sig_1.
Using the function 3-tuple the attacker may obtain (authenticate,pidA[],sig_1).
attacker((authenticate,pidA[],sig_1)).

9. The message (authenticate,pidA[],sig_1) that the attacker may have by 8 may be received at input {26}.
So the message pidA[] may be sent on channel chLookupReq[] at output {27}.
mess(chLookupReq[],pidA[]).

10. The message (verify_tag,pidA[],pk(skA[]),pi[]) that may be sent on channel chVSReq[] by 6 may be received at input {14}.
The message pidA[] that may be sent on channel chLookupReq[] by 9 may be received at input {17}.
So the message (pidA[],pk(skA[]),ballot_ok) may be sent on channel chLookupResp[] at output {19}.
mess(chLookupResp[],(pidA[],pk(skA[]),ballot_ok)).

11. The message (authenticate,pidA[],sign(authmsg(pidA[]),skA[])) that the attacker may have by 5 may be received at input {26}.
The message (pidA[],pk(skA[]),ballot_ok) that may be sent on channel chLookupResp[] by 10 may be received at input {28}.
So event PASBAccept(pidA[],pk(skA[])) may be executed at {30} in session @sid_1.
inj-event(PASBAccept(pidA[],pk(skA[])),@occ30_2).

12. By 11, inj-event(PASBAccept(pidA[],pk(skA[])),@occ30_2).
The goal is reached, represented in the following fact:
inj-event(PASBAccept(pidA[],pk(skA[])),@occ30_2).

13. The attacker has some term sig_2.
attacker(sig_2).

14. By 4, the attacker may know authenticate.
By 3, the attacker may know pidA[].
By 13, the attacker may know sig_2.
Using the function 3-tuple the attacker may obtain (authenticate,pidA[],sig_2).
attacker((authenticate,pidA[],sig_2)).

15. The message (authenticate,pidA[],sig_2) that the attacker may have by 14 may be received at input {26}.
So the message pidA[] may be sent on channel chLookupReq[] at output {27}.
mess(chLookupReq[],pidA[]).

16. The message (verify_tag,pidA[],pk(skA[]),pi[]) that may be sent on channel chVSReq[] by 6 may be received at input {14}.
The message pidA[] that may be sent on channel chLookupReq[] by 15 may be received at input {17}.
So the message (pidA[],pk(skA[]),ballot_ok) may be sent on channel chLookupResp[] at output {19}.
mess(chLookupResp[],(pidA[],pk(skA[]),ballot_ok)).

17. The message (authenticate,pidA[],sign(authmsg(pidA[]),skA[])) that the attacker may have by 5 may be received at input {26}.
The message (pidA[],pk(skA[]),ballot_ok) that may be sent on channel chLookupResp[] by 16 may be received at input {28}.
So event PASBAccept(pidA[],pk(skA[])) may be executed at {30} in session @sid.
inj-event(PASBAccept(pidA[],pk(skA[])),@occ30_1).

18. By 17, inj-event(PASBAccept(pidA[],pk(skA[])),@occ30_1).
The goal is reached, represented in the following fact:
inj-event(PASBAccept(pidA[],pk(skA[])),@occ30_1).

19. By 18, inj-event(PASBAccept(pidA[],pk(skA[])),@occ30_1).
By 12, inj-event(PASBAccept(pidA[],pk(skA[])),@occ30_2).
We have @occ30_1 ≠ @occ30_2.
The goals for injectivity are reached, combined in the following fact:
inj-event(PASBAccept(pidA[],pk(skA[])),@occ30_1) && inj-event(PASBAccept(pidA[],pk(skA[])),@occ30_2).


Could not find a trace corresponding to this derivation.
RESULT inj-event(PASBAccept(p,pkA_3)) ==> inj-event(DeviceAuthSent(p,pkA_3)) cannot be proved.
RESULT (but event(PASBAccept(p,pkA_3)) ==> event(DeviceAuthSent(p,pkA_3)) is true.)

--------------------------------------------------------------
Verification summary:

Query not attacker(secret_real_id[]) is true.

Query event(PASBAccept(p,pkA_3)) ==> event(LedgerPseudonymValid(p,pkA_3)) is true.

Query event(PASBAccept(p,pkA_3)) ==> event(DeviceAuthSent(p,pkA_3)) is true.

Query inj-event(PASBAccept(p,pkA_3)) ==> inj-event(DeviceAuthSent(p,pkA_3)) cannot be proved.

--------------------------------------------------------------


real	0m0.050s
user	0m0.009s
sys	0m0.000s
